// Jest Snapshot v1, https://jestjs.io/docs/snapshot-testing

exports[`TextTool should render text icon with label 1`] = `
<div>
  <div
    class="root"
  >
    <button
      aria-describedby="id-0"
      aria-pressed="false"
      class="navItem"
    >
      <svg />
    </button>
    <div
      class="tooltip"
      id="id-0"
    >
      <span>
        Add Text
      </span>
    </div>
  </div>
</div>
`;
