// Jest Snapshot v1, https://goo.gl/fbAQLP

exports[`<Navigation> should render five standard links for unautenticated user 1`] = `
<div>
  <nav
    class="navigation-bar"
  >
    <a
      class="navItem"
      href="/"
    >
      <svg />
      Home
    </a>
    <a
      class="navItem active"
      href="/explore"
    >
      <svg />
      Explore
    </a>
    <button
      class="createButton"
      type="button"
    >
      <svg />
    </button>
    <a
      class="navItem"
      href="/my-projects"
    >
      <svg />
      Projects
    </a>
    <a
      class="navItem"
      href="/login"
    >
      <svg />
      Login
    </a>
  </nav>
</div>
`;
