// Jest Snapshot v1, https://jestjs.io/docs/snapshot-testing

exports[`<Navigation> should render five standard links for unauthenticated user 1`] = `
<div>
  <nav
    class="navigation-bar"
  >
    <a
      class="navItem"
      href="/"
    >
      <svg />
      <span>
        Home
      </span>
    </a>
    <a
      aria-current="page"
      class="navItem"
      href="/explore"
    >
      <svg />
      Explore
    </a>
    <button
      class="createButton"
      type="button"
    >
      <svg />
    </button>
    <a
      class="navItem"
      href="/my-projects"
    >
      <svg />
      Projects
    </a>
    <a
      class="navItem"
      href="/login"
    >
      <svg />
      Login
    </a>
  </nav>
</div>
`;
