// Jest Snapshot v1, https://goo.gl/fbAQLP

exports[`<Navigation> should render five standard links for unauthenticated user 1`] = `
<div>
  <nav
    class="navigation-bar"
  >
    <a
      class="navItem"
      href="/"
    >
      <svg />
      <span>
        Home
      </span>
    </a>
    <a
      class="navItem"
      href="/my-projects"
    >
      <svg />
      Projects
    </a>
    <button
      class="button createButton ghost onlyIcon"
      command="show-modal"
      commandfor="new-project-modal"
      style="--duration: 2000ms;"
    >
      <svg />
      <div
        class="color cyan"
        style=""
      />
      <div
        class="color magenta"
        style=""
      />
      <div
        class="color orange"
        style=""
      />
      <div
        class="roundedGradient"
      />
    </button>
    <a
      aria-current="page"
      class="navItem"
      href="/storage"
    >
      <svg />
       Library
    </a>
    <a
      class="navItem"
      href="/login"
    >
      <svg />
      Login
    </a>
  </nav>
</div>
`;
