// Jest Snapshot v1, https://jestjs.io/docs/snapshot-testing

exports[`<Tooltip> should render trigger and tooltip(is hidden in CSS) 1`] = `
<div>
  <div
    class="root"
  >
    <button
      aria-describedby="id-0"
    >
      Trigger
    </button>
    <div
      class="tooltip"
      id="id-0"
    >
      <h1>
        Tooltip Content
      </h1>
    </div>
  </div>
</div>
`;
