// Vitest Snapshot v1, https://vitest.dev/guide/snapshot.html

exports[`<ProjectPanel> > should render a project details link with provided text 1`] = `
<div>
  <a
    aria-label="Go to project name project details"
    class="_projectPanel_1l2xb_1"
    href="/project/0"
    style="background-image: url("/api/projects/0/miniature");"
  >
    <p>
      project name
    </p>
  </a>
</div>
`;
