// Jest Snapshot v1, https://goo.gl/fbAQLP

exports[`<ProjectPanel> should render a project details link with provided text 1`] = `
<div>
  <a
    aria-label="Go to project name project details"
    class="projectPanel"
    href="/project/0"
    style="background-image: url(/api/project-uploads/0/miniature);"
  >
    <p>
      project name
    </p>
  </a>
</div>
`;
