// Jest Snapshot v1, https://jestjs.io/docs/snapshot-testing

exports[`<CreatorNav /> should render navigation items 1`] = `
<div>
  <nav
    class="root navigation-bar"
  >
    <a
      aria-current="page"
      class="navItem"
      href="/"
    >
      <svg />
    </a>
    <button
      class="navItem"
      disabled=""
    >
      <svg />
    </button>
    <button
      class="navItem"
      disabled=""
    >
      <svg
        transform="scale(-1, 1)"
      />
    </button>
    <a
      class="navItem ml-auto"
      href="/questions"
    >
      <svg />
    </a>
  </nav>
</div>
`;
